Archive member included to satisfy reference by file (symbol)

/usr/lib/gcc/avr/7.3.0/avr5/libgcc.a(_exit.o)
                              /usr/lib/gcc/avr/7.3.0/../../../avr/lib/avr5/crtatmega16.o (exit)
/usr/lib/gcc/avr/7.3.0/avr5/libgcc.a(_copy_data.o)
                              ./MCAL/DIO/DIO_Prog.o (__do_copy_data)
/usr/lib/gcc/avr/7.3.0/avr5/libgcc.a(_clear_bss.o)
                              ./HALL/LCD/LCD_Prog.o (__do_clear_bss)
/usr/lib/gcc/avr/7.3.0/../../../avr/lib/avr5/libm.a(cmpsf2.o)
                              ./HALL/LCD/LCD_Prog.o (__ltsf2)
/usr/lib/gcc/avr/7.3.0/../../../avr/lib/avr5/libm.a(divsf3.o)
                              ./HALL/LCD/LCD_Prog.o (__divsf3)
/usr/lib/gcc/avr/7.3.0/../../../avr/lib/avr5/libm.a(divsf3x.o)
                              /usr/lib/gcc/avr/7.3.0/../../../avr/lib/avr5/libm.a(divsf3.o) (__divsf3x)
/usr/lib/gcc/avr/7.3.0/../../../avr/lib/avr5/libm.a(fixunssfsi.o)
                              ./HALL/LCD/LCD_Prog.o (__fixunssfsi)
/usr/lib/gcc/avr/7.3.0/../../../avr/lib/avr5/libm.a(fp_cmp.o)
                              /usr/lib/gcc/avr/7.3.0/../../../avr/lib/avr5/libm.a(cmpsf2.o) (__fp_cmp)
/usr/lib/gcc/avr/7.3.0/../../../avr/lib/avr5/libm.a(fp_inf.o)
                              /usr/lib/gcc/avr/7.3.0/../../../avr/lib/avr5/libm.a(divsf3x.o) (__fp_inf)
/usr/lib/gcc/avr/7.3.0/../../../avr/lib/avr5/libm.a(fp_nan.o)
                              /usr/lib/gcc/avr/7.3.0/../../../avr/lib/avr5/libm.a(divsf3x.o) (__fp_nan)
/usr/lib/gcc/avr/7.3.0/../../../avr/lib/avr5/libm.a(fp_pscA.o)
                              /usr/lib/gcc/avr/7.3.0/../../../avr/lib/avr5/libm.a(divsf3x.o) (__fp_pscA)
/usr/lib/gcc/avr/7.3.0/../../../avr/lib/avr5/libm.a(fp_pscB.o)
                              /usr/lib/gcc/avr/7.3.0/../../../avr/lib/avr5/libm.a(divsf3x.o) (__fp_pscB)
/usr/lib/gcc/avr/7.3.0/../../../avr/lib/avr5/libm.a(fp_round.o)
                              /usr/lib/gcc/avr/7.3.0/../../../avr/lib/avr5/libm.a(divsf3.o) (__fp_round)
/usr/lib/gcc/avr/7.3.0/../../../avr/lib/avr5/libm.a(fp_split3.o)
                              /usr/lib/gcc/avr/7.3.0/../../../avr/lib/avr5/libm.a(divsf3x.o) (__fp_split3)
/usr/lib/gcc/avr/7.3.0/../../../avr/lib/avr5/libm.a(fp_zero.o)
                              /usr/lib/gcc/avr/7.3.0/../../../avr/lib/avr5/libm.a(fixunssfsi.o) (__fp_zero)
/usr/lib/gcc/avr/7.3.0/../../../avr/lib/avr5/libm.a(gesf2.o)
                              ./HALL/LCD/LCD_Prog.o (__gtsf2)
/usr/lib/gcc/avr/7.3.0/../../../avr/lib/avr5/libm.a(mulsf3.o)
                              ./HALL/LCD/LCD_Prog.o (__mulsf3)
/usr/lib/gcc/avr/7.3.0/../../../avr/lib/avr5/libm.a(mulsf3x.o)
                              /usr/lib/gcc/avr/7.3.0/../../../avr/lib/avr5/libm.a(mulsf3.o) (__mulsf3x)
/usr/lib/gcc/avr/7.3.0/../../../avr/lib/avr5/libc.a(memset.o)
                              ./HALL/LCD/LCD_Prog.o (memset)
/usr/lib/gcc/avr/7.3.0/../../../avr/lib/avr5/libc.a(sprintf.o)
                              ./HALL/LCD/LCD_Prog.o (sprintf)
/usr/lib/gcc/avr/7.3.0/../../../avr/lib/avr5/libc.a(vfprintf_std.o)
                              /usr/lib/gcc/avr/7.3.0/../../../avr/lib/avr5/libc.a(sprintf.o) (vfprintf)
/usr/lib/gcc/avr/7.3.0/../../../avr/lib/avr5/libc.a(strnlen_P.o)
                              /usr/lib/gcc/avr/7.3.0/../../../avr/lib/avr5/libc.a(vfprintf_std.o) (strnlen_P)
/usr/lib/gcc/avr/7.3.0/../../../avr/lib/avr5/libc.a(strnlen.o)
                              /usr/lib/gcc/avr/7.3.0/../../../avr/lib/avr5/libc.a(vfprintf_std.o) (strnlen)
/usr/lib/gcc/avr/7.3.0/../../../avr/lib/avr5/libc.a(fputc.o)
                              /usr/lib/gcc/avr/7.3.0/../../../avr/lib/avr5/libc.a(vfprintf_std.o) (fputc)
/usr/lib/gcc/avr/7.3.0/../../../avr/lib/avr5/libc.a(ultoa_invert.o)
                              /usr/lib/gcc/avr/7.3.0/../../../avr/lib/avr5/libc.a(vfprintf_std.o) (__ultoa_invert)
/usr/lib/gcc/avr/7.3.0/avr5/libgcc.a(_prologue.o)
                              /usr/lib/gcc/avr/7.3.0/../../../avr/lib/avr5/libc.a(sprintf.o) (__prologue_saves__)
/usr/lib/gcc/avr/7.3.0/avr5/libgcc.a(_epilogue.o)
                              /usr/lib/gcc/avr/7.3.0/../../../avr/lib/avr5/libc.a(sprintf.o) (__epilogue_restores__)

Memory Configuration

Name             Origin             Length             Attributes
text             0x0000000000000000 0x0000000000004000 xr
data             0x0000000000800060 0x0000000000000400 rw !x
eeprom           0x0000000000810000 0x0000000000000200 rw !x
fuse             0x0000000000820000 0x0000000000000002 rw !x
lock             0x0000000000830000 0x0000000000000400 rw !x
signature        0x0000000000840000 0x0000000000000400 rw !x
user_signatures  0x0000000000850000 0x0000000000000400 rw !x
*default*        0x0000000000000000 0xffffffffffffffff

Linker script and memory map

LOAD /usr/lib/gcc/avr/7.3.0/../../../avr/lib/avr5/crtatmega16.o
LOAD ./MCAL/UART/UART_Prog.o
LOAD ./MCAL/TIMER0/TIMER0_prog.o
LOAD ./MCAL/INTERRUPT/INTERRUPT_prog.o
LOAD ./MCAL/DIO/DIO_Prog.o
LOAD ./MCAL/ADC/ADC_prog.o
LOAD ./HALL/LCD/LCD_Config.o
LOAD ./HALL/LCD/LCD_Prog.o
LOAD ./HALL/L298_DC_MOTOR/L298_DC_MOTOR_config.o
LOAD ./HALL/L298_DC_MOTOR/L298_DC_MOTOR_prog.o
LOAD ./HALL/KEYPAD/KEYPAD_Config.o
LOAD ./HALL/KEYPAD/KEYPAD_Prog.o
LOAD ./HALL/INIT/INIT_Prog.o
LOAD ./HALL/BCD/BCD_Config.o
LOAD ./HALL/BCD/BCD_Prog.o
LOAD ./APP/MAIN_Prog.o
START GROUP
LOAD /usr/lib/gcc/avr/7.3.0/avr5/libgcc.a
LOAD /usr/lib/gcc/avr/7.3.0/../../../avr/lib/avr5/libm.a
LOAD /usr/lib/gcc/avr/7.3.0/../../../avr/lib/avr5/libc.a
LOAD /usr/lib/gcc/avr/7.3.0/../../../avr/lib/avr5/libatmega16.a
END GROUP
                0x0000000000000000                __TEXT_REGION_ORIGIN__ = DEFINED (__TEXT_REGION_ORIGIN__)?__TEXT_REGION_ORIGIN__:0x0
                [0x0000000000800060]                __DATA_REGION_ORIGIN__ = DEFINED (__DATA_REGION_ORIGIN__)?__DATA_REGION_ORIGIN__:0x800060
                [0x0000000000004000]                __TEXT_REGION_LENGTH__ = DEFINED (__TEXT_REGION_LENGTH__)?__TEXT_REGION_LENGTH__:0x20000
                [0x0000000000000400]                __DATA_REGION_LENGTH__ = DEFINED (__DATA_REGION_LENGTH__)?__DATA_REGION_LENGTH__:0xffa0
                [0x0000000000000200]                __EEPROM_REGION_LENGTH__ = DEFINED (__EEPROM_REGION_LENGTH__)?__EEPROM_REGION_LENGTH__:0x10000
                [0x0000000000000002]                __FUSE_REGION_LENGTH__ = DEFINED (__FUSE_REGION_LENGTH__)?__FUSE_REGION_LENGTH__:0x400
                0x0000000000000400                __LOCK_REGION_LENGTH__ = DEFINED (__LOCK_REGION_LENGTH__)?__LOCK_REGION_LENGTH__:0x400
                0x0000000000000400                __SIGNATURE_REGION_LENGTH__ = DEFINED (__SIGNATURE_REGION_LENGTH__)?__SIGNATURE_REGION_LENGTH__:0x400
                0x0000000000000400                __USER_SIGNATURE_REGION_LENGTH__ = DEFINED (__USER_SIGNATURE_REGION_LENGTH__)?__USER_SIGNATURE_REGION_LENGTH__:0x400

.hash
 *(.hash)

.dynsym
 *(.dynsym)

.dynstr
 *(.dynstr)

.gnu.version
 *(.gnu.version)

.gnu.version_d
 *(.gnu.version_d)

.gnu.version_r
 *(.gnu.version_r)

.rel.init
 *(.rel.init)

.rela.init
 *(.rela.init)

.rel.text
 *(.rel.text)
 *(.rel.text.*)
 *(.rel.gnu.linkonce.t*)

.rela.text
 *(.rela.text)
 *(.rela.text.*)
 *(.rela.gnu.linkonce.t*)

.rel.fini
 *(.rel.fini)

.rela.fini
 *(.rela.fini)

.rel.rodata
 *(.rel.rodata)
 *(.rel.rodata.*)
 *(.rel.gnu.linkonce.r*)

.rela.rodata
 *(.rela.rodata)
 *(.rela.rodata.*)
 *(.rela.gnu.linkonce.r*)

.rel.data
 *(.rel.data)
 *(.rel.data.*)
 *(.rel.gnu.linkonce.d*)

.rela.data
 *(.rela.data)
 *(.rela.data.*)
 *(.rela.gnu.linkonce.d*)

.rel.ctors
 *(.rel.ctors)

.rela.ctors
 *(.rela.ctors)

.rel.dtors
 *(.rel.dtors)

.rela.dtors
 *(.rela.dtors)

.rel.got
 *(.rel.got)

.rela.got
 *(.rela.got)

.rel.bss
 *(.rel.bss)

.rela.bss
 *(.rela.bss)

.rel.plt
 *(.rel.plt)

.rela.plt
 *(.rela.plt)

.text           0x0000000000000000     0x3064
 *(.vectors)
 .vectors       0x0000000000000000       0x54 /usr/lib/gcc/avr/7.3.0/../../../avr/lib/avr5/crtatmega16.o
                0x0000000000000000                __vectors
                0x0000000000000000                __vector_default
 *(.vectors)
 *(.progmem.gcc*)
                0x0000000000000054                . = ALIGN (0x2)
                0x0000000000000054                __trampolines_start = .
 *(.trampolines)
 .trampolines   0x0000000000000054        0x0 linker stubs
 *(.trampolines*)
                0x0000000000000054                __trampolines_end = .
 *libprintf_flt.a:*(.progmem.data)
 *libc.a:*(.progmem.data)
 *(.progmem*)
                0x0000000000000054                . = ALIGN (0x2)
 *(.jumptables)
 *(.jumptables*)
 *(.lowtext)
 *(.lowtext*)
                0x0000000000000054                __ctors_start = .
 *(.ctors)
                0x0000000000000054                __ctors_end = .
                0x0000000000000054                __dtors_start = .
 *(.dtors)
                0x0000000000000054                __dtors_end = .
 SORT(*)(.ctors)
 SORT(*)(.dtors)
 *(.init0)
 .init0         0x0000000000000054        0x0 /usr/lib/gcc/avr/7.3.0/../../../avr/lib/avr5/crtatmega16.o
                0x0000000000000054                __init
 *(.init0)
 *(.init1)
 *(.init1)
 *(.init2)
 .init2         0x0000000000000054        0xc /usr/lib/gcc/avr/7.3.0/../../../avr/lib/avr5/crtatmega16.o
 *(.init2)
 *(.init3)
 *(.init3)
 *(.init4)
 .init4         0x0000000000000060       0x16 /usr/lib/gcc/avr/7.3.0/avr5/libgcc.a(_copy_data.o)
                0x0000000000000060                __do_copy_data
 .init4         0x0000000000000076       0x10 /usr/lib/gcc/avr/7.3.0/avr5/libgcc.a(_clear_bss.o)
                0x0000000000000076                __do_clear_bss
 *(.init4)
 *(.init5)
 *(.init5)
 *(.init6)
 *(.init6)
 *(.init7)
 *(.init7)
 *(.init8)
 *(.init8)
 *(.init9)
 .init9         0x0000000000000086        0x8 /usr/lib/gcc/avr/7.3.0/../../../avr/lib/avr5/crtatmega16.o
 *(.init9)
 *(.text)
 .text          0x000000000000008e        0x4 /usr/lib/gcc/avr/7.3.0/../../../avr/lib/avr5/crtatmega16.o
                0x000000000000008e                __vector_1
                0x000000000000008e                __vector_12
                0x000000000000008e                __bad_interrupt
                0x000000000000008e                __vector_6
                0x000000000000008e                __vector_3
                0x000000000000008e                __vector_11
                0x000000000000008e                __vector_13
                0x000000000000008e                __vector_17
                0x000000000000008e                __vector_19
                0x000000000000008e                __vector_7
                0x000000000000008e                __vector_5
                0x000000000000008e                __vector_4
                0x000000000000008e                __vector_9
                0x000000000000008e                __vector_2
                0x000000000000008e                __vector_15
                0x000000000000008e                __vector_8
                0x000000000000008e                __vector_14
                0x000000000000008e                __vector_10
                0x000000000000008e                __vector_16
                0x000000000000008e                __vector_18
                0x000000000000008e                __vector_20
 .text          0x0000000000000092        0x0 ./MCAL/UART/UART_Prog.o
 .text          0x0000000000000092        0x0 ./MCAL/TIMER0/TIMER0_prog.o
 .text          0x0000000000000092        0x0 ./MCAL/INTERRUPT/INTERRUPT_prog.o
 .text          0x0000000000000092        0x0 ./MCAL/DIO/DIO_Prog.o
 .text          0x0000000000000092        0x0 ./MCAL/ADC/ADC_prog.o
 .text          0x0000000000000092        0x0 ./HALL/LCD/LCD_Config.o
 .text          0x0000000000000092        0x0 ./HALL/LCD/LCD_Prog.o
 .text          0x0000000000000092        0x0 ./HALL/L298_DC_MOTOR/L298_DC_MOTOR_config.o
 .text          0x0000000000000092        0x0 ./HALL/L298_DC_MOTOR/L298_DC_MOTOR_prog.o
 .text          0x0000000000000092        0x0 ./HALL/KEYPAD/KEYPAD_Config.o
 .text          0x0000000000000092        0x0 ./HALL/KEYPAD/KEYPAD_Prog.o
 .text          0x0000000000000092        0x0 ./HALL/INIT/INIT_Prog.o
 .text          0x0000000000000092        0x0 ./HALL/BCD/BCD_Config.o
 .text          0x0000000000000092        0x0 ./HALL/BCD/BCD_Prog.o
 .text          0x0000000000000092        0x0 ./APP/MAIN_Prog.o
 .text          0x0000000000000092        0x0 /usr/lib/gcc/avr/7.3.0/avr5/libgcc.a(_exit.o)
 .text          0x0000000000000092        0x0 /usr/lib/gcc/avr/7.3.0/avr5/libgcc.a(_copy_data.o)
 .text          0x0000000000000092        0x0 /usr/lib/gcc/avr/7.3.0/avr5/libgcc.a(_clear_bss.o)
 .text          0x0000000000000092        0x0 /usr/lib/gcc/avr/7.3.0/../../../avr/lib/avr5/libm.a(cmpsf2.o)
 .text          0x0000000000000092        0x0 /usr/lib/gcc/avr/7.3.0/../../../avr/lib/avr5/libm.a(divsf3.o)
 .text          0x0000000000000092        0x0 /usr/lib/gcc/avr/7.3.0/../../../avr/lib/avr5/libm.a(divsf3x.o)
 .text          0x0000000000000092        0x0 /usr/lib/gcc/avr/7.3.0/../../../avr/lib/avr5/libm.a(fixunssfsi.o)
 .text          0x0000000000000092        0x0 /usr/lib/gcc/avr/7.3.0/../../../avr/lib/avr5/libm.a(fp_cmp.o)
 .text          0x0000000000000092        0x0 /usr/lib/gcc/avr/7.3.0/../../../avr/lib/avr5/libm.a(fp_inf.o)
 .text          0x0000000000000092        0x0 /usr/lib/gcc/avr/7.3.0/../../../avr/lib/avr5/libm.a(fp_nan.o)
 .text          0x0000000000000092        0x0 /usr/lib/gcc/avr/7.3.0/../../../avr/lib/avr5/libm.a(fp_pscA.o)
 .text          0x0000000000000092        0x0 /usr/lib/gcc/avr/7.3.0/../../../avr/lib/avr5/libm.a(fp_pscB.o)
 .text          0x0000000000000092        0x0 /usr/lib/gcc/avr/7.3.0/../../../avr/lib/avr5/libm.a(fp_round.o)
 .text          0x0000000000000092        0x0 /usr/lib/gcc/avr/7.3.0/../../../avr/lib/avr5/libm.a(fp_split3.o)
 .text          0x0000000000000092        0x0 /usr/lib/gcc/avr/7.3.0/../../../avr/lib/avr5/libm.a(fp_zero.o)
 .text          0x0000000000000092        0x0 /usr/lib/gcc/avr/7.3.0/../../../avr/lib/avr5/libm.a(gesf2.o)
 .text          0x0000000000000092        0x0 /usr/lib/gcc/avr/7.3.0/../../../avr/lib/avr5/libm.a(mulsf3.o)
 .text          0x0000000000000092        0x0 /usr/lib/gcc/avr/7.3.0/../../../avr/lib/avr5/libm.a(mulsf3x.o)
 .text          0x0000000000000092        0x0 /usr/lib/gcc/avr/7.3.0/../../../avr/lib/avr5/libc.a(memset.o)
 .text          0x0000000000000092        0x0 /usr/lib/gcc/avr/7.3.0/../../../avr/lib/avr5/libc.a(sprintf.o)
 .text          0x0000000000000092        0x0 /usr/lib/gcc/avr/7.3.0/../../../avr/lib/avr5/libc.a(vfprintf_std.o)
 .text          0x0000000000000092        0x0 /usr/lib/gcc/avr/7.3.0/../../../avr/lib/avr5/libc.a(strnlen_P.o)
 .text          0x0000000000000092        0x0 /usr/lib/gcc/avr/7.3.0/../../../avr/lib/avr5/libc.a(strnlen.o)
 .text          0x0000000000000092        0x0 /usr/lib/gcc/avr/7.3.0/../../../avr/lib/avr5/libc.a(fputc.o)
 .text          0x0000000000000092        0x0 /usr/lib/gcc/avr/7.3.0/../../../avr/lib/avr5/libc.a(ultoa_invert.o)
 .text          0x0000000000000092        0x0 /usr/lib/gcc/avr/7.3.0/avr5/libgcc.a(_prologue.o)
 .text          0x0000000000000092        0x0 /usr/lib/gcc/avr/7.3.0/avr5/libgcc.a(_epilogue.o)
                0x0000000000000092                . = ALIGN (0x2)
 *(.text.*)
 .text.UART_init
                0x0000000000000092       0x9e ./MCAL/UART/UART_Prog.o
                0x0000000000000092                UART_init
 .text.UART_sendData
                0x0000000000000130       0x40 ./MCAL/UART/UART_Prog.o
                0x0000000000000130                UART_sendData
 .text.UART_reciveData
                0x0000000000000170       0x52 ./MCAL/UART/UART_Prog.o
                0x0000000000000170                UART_reciveData
 .text.UART_reciveDataBlock
                0x00000000000001c2       0x32 ./MCAL/UART/UART_Prog.o
                0x00000000000001c2                UART_reciveDataBlock
 .text.TIMER0_Init
                0x00000000000001f4       0x34 ./MCAL/TIMER0/TIMER0_prog.o
                0x00000000000001f4                TIMER0_Init
 .text.TIMER0_Start
                0x0000000000000228       0x22 ./MCAL/TIMER0/TIMER0_prog.o
                0x0000000000000228                TIMER0_Start
 .text.TIMER0_Stop
                0x000000000000024a       0x22 ./MCAL/TIMER0/TIMER0_prog.o
                0x000000000000024a                TIMER0_Stop
 .text.TIMER0_writeOVR
                0x000000000000026c       0x20 ./MCAL/TIMER0/TIMER0_prog.o
                0x000000000000026c                TIMER0_writeOVR
 .text.TIMER0_writeCOM
                0x000000000000028c       0x20 ./MCAL/TIMER0/TIMER0_prog.o
                0x000000000000028c                TIMER0_writeCOM
 .text.TIMER0_ovrInterruptEnable
                0x00000000000002ac       0x34 ./MCAL/TIMER0/TIMER0_prog.o
                0x00000000000002ac                TIMER0_ovrInterruptEnable
 .text.TIMER0_ovrInterruptDisable
                0x00000000000002e0       0x22 ./MCAL/TIMER0/TIMER0_prog.o
                0x00000000000002e0                TIMER0_ovrInterruptDisable
 .text.TIMER0_compInterruptEnable
                0x0000000000000302       0x34 ./MCAL/TIMER0/TIMER0_prog.o
                0x0000000000000302                TIMER0_compInterruptEnable
 .text.TIMER0_comInterruptDisable
                0x0000000000000336       0x22 ./MCAL/TIMER0/TIMER0_prog.o
                0x0000000000000336                TIMER0_comInterruptDisable
 .text.EXINTER_init
                0x0000000000000358       0xaa ./MCAL/INTERRUPT/INTERRUPT_prog.o
                0x0000000000000358                EXINTER_init
 .text.EXINTER_controlINT0
                0x0000000000000402       0xd2 ./MCAL/INTERRUPT/INTERRUPT_prog.o
 .text.EXINTER_controlINT1
                0x00000000000004d4       0xd2 ./MCAL/INTERRUPT/INTERRUPT_prog.o
 .text.EXINTER_controlINT2
                0x00000000000005a6       0x64 ./MCAL/INTERRUPT/INTERRUPT_prog.o
 .text.DIO_setPinDIR
                0x000000000000060a       0xe8 ./MCAL/DIO/DIO_Prog.o
                0x000000000000060a                DIO_setPinDIR
 .text.DIO_setPinVAL
                0x00000000000006f2      0x150 ./MCAL/DIO/DIO_Prog.o
                0x00000000000006f2                DIO_setPinVAL
 .text.DIO_setPINSDIR
                0x0000000000000842      0x16c ./MCAL/DIO/DIO_Prog.o
                0x0000000000000842                DIO_setPINSDIR
 .text.DIO_setPINSVAL
                0x00000000000009ae      0x204 ./MCAL/DIO/DIO_Prog.o
                0x00000000000009ae                DIO_setPINSVAL
 .text.DIO_getPinVAL
                0x0000000000000bb2       0x54 ./MCAL/DIO/DIO_Prog.o
                0x0000000000000bb2                DIO_getPinVAL
 .text.DIO_setPortDIR
                0x0000000000000c06       0x34 ./MCAL/DIO/DIO_Prog.o
                0x0000000000000c06                DIO_setPortDIR
 .text.DIO_setPortVAL
                0x0000000000000c3a       0x34 ./MCAL/DIO/DIO_Prog.o
                0x0000000000000c3a                DIO_setPortVAL
 .text.DIO_getPortVAL
                0x0000000000000c6e       0x34 ./MCAL/DIO/DIO_Prog.o
                0x0000000000000c6e                DIO_getPortVAL
 .text.ADC_init
                0x0000000000000ca2       0x8c ./MCAL/ADC/ADC_prog.o
                0x0000000000000ca2                ADC_init
 .text.ADC_analogRead
                0x0000000000000d2e       0xa6 ./MCAL/ADC/ADC_prog.o
                0x0000000000000d2e                ADC_analogRead
 .text.ADC_enable
                0x0000000000000dd4       0x22 ./MCAL/ADC/ADC_prog.o
                0x0000000000000dd4                ADC_enable
 .text.ADC_disable
                0x0000000000000df6       0x22 ./MCAL/ADC/ADC_prog.o
                0x0000000000000df6                ADC_disable
 .text.ADC_enableInterrupt
                0x0000000000000e18       0x34 ./MCAL/ADC/ADC_prog.o
                0x0000000000000e18                ADC_enableInterrupt
 .text.ADC_disableInterrupt
                0x0000000000000e4c       0x22 ./MCAL/ADC/ADC_prog.o
                0x0000000000000e4c                ADC_disableInterrupt
 .text.ADC_clearFlag
                0x0000000000000e6e       0x22 ./MCAL/ADC/ADC_prog.o
                0x0000000000000e6e                ADC_clearFlag
 .text.LCD_init
                0x0000000000000e90      0x3bc ./HALL/LCD/LCD_Prog.o
                0x0000000000000e90                LCD_init
 .text.LCD_writeCMD
                0x000000000000124c       0x9c ./HALL/LCD/LCD_Prog.o
                0x000000000000124c                LCD_writeCMD
 .text.LCD_writeChar
                0x00000000000012e8       0x9c ./HALL/LCD/LCD_Prog.o
                0x00000000000012e8                LCD_writeChar
 .text.LCD_writeSTR
                0x0000000000001384       0x6a ./HALL/LCD/LCD_Prog.o
                0x0000000000001384                LCD_writeSTR
 .text.LCD_writeNum_u8
                0x00000000000013ee       0x60 ./HALL/LCD/LCD_Prog.o
                0x00000000000013ee                LCD_writeNum_u8
 .text.LCD_writeNum_u16
                0x000000000000144e       0x5e ./HALL/LCD/LCD_Prog.o
                0x000000000000144e                LCD_writeNum_u16
 .text.LCD_writeNum_u32
                0x00000000000014ac       0x6a ./HALL/LCD/LCD_Prog.o
                0x00000000000014ac                LCD_writeNum_u32
 .text.LCD_writeCharPosition
                0x0000000000001516       0x68 ./HALL/LCD/LCD_Prog.o
                0x0000000000001516                LCD_writeCharPosition
 .text.LCD_writeSTRPosition
                0x000000000000157e       0x72 ./HALL/LCD/LCD_Prog.o
                0x000000000000157e                LCD_writeSTRPosition
 .text.LCD_writeNum_u8Position
                0x00000000000015f0       0x72 ./HALL/LCD/LCD_Prog.o
                0x00000000000015f0                LCD_writeNum_u8Position
 .text.LCD_writeNum_u16Position
                0x0000000000001662       0x72 ./HALL/LCD/LCD_Prog.o
                0x0000000000001662                LCD_writeNum_u16Position
 .text.LCD_writeNum_u32Position
                0x00000000000016d4       0x72 ./HALL/LCD/LCD_Prog.o
                0x00000000000016d4                LCD_writeNum_u32Position
 .text.LCD_getData
                0x0000000000001746       0x76 ./HALL/LCD/LCD_Prog.o
 .text.LCD_enableSignal
                0x00000000000017bc      0x222 ./HALL/LCD/LCD_Prog.o
 .text.LCD_setCursorPosition
                0x00000000000019de       0xc6 ./HALL/LCD/LCD_Prog.o
 .text.LCD_convertNum_u8
                0x0000000000001aa4       0x62 ./HALL/LCD/LCD_Prog.o
 .text.LCD_convertNum_u16
                0x0000000000001b06       0x62 ./HALL/LCD/LCD_Prog.o
 .text.LCD_convertNum_u32
                0x0000000000001b68       0x78 ./HALL/LCD/LCD_Prog.o
 .text.DCMOTOR_init
                0x0000000000001be0       0x6c ./HALL/L298_DC_MOTOR/L298_DC_MOTOR_prog.o
                0x0000000000001be0                DCMOTOR_init
 .text.DCMOTOR_motorForward
                0x0000000000001c4c       0x44 ./HALL/L298_DC_MOTOR/L298_DC_MOTOR_prog.o
                0x0000000000001c4c                DCMOTOR_motorForward
 .text.DCMOTOR_motorReverse
                0x0000000000001c90       0x44 ./HALL/L298_DC_MOTOR/L298_DC_MOTOR_prog.o
                0x0000000000001c90                DCMOTOR_motorReverse
 .text.DCMOTOR_motorRight
                0x0000000000001cd4       0x44 ./HALL/L298_DC_MOTOR/L298_DC_MOTOR_prog.o
                0x0000000000001cd4                DCMOTOR_motorRight
 .text.DCMOTOR_motorLeft
                0x0000000000001d18       0x44 ./HALL/L298_DC_MOTOR/L298_DC_MOTOR_prog.o
                0x0000000000001d18                DCMOTOR_motorLeft
 .text.DCMOTOR_motorStop
                0x0000000000001d5c       0x44 ./HALL/L298_DC_MOTOR/L298_DC_MOTOR_prog.o
                0x0000000000001d5c                DCMOTOR_motorStop
 .text.KEYPAD_init
                0x0000000000001da0       0xc0 ./HALL/KEYPAD/KEYPAD_Prog.o
                0x0000000000001da0                KEYPAD_init
 .text.KEYPAD_getData
                0x0000000000001e60      0x208 ./HALL/KEYPAD/KEYPAD_Prog.o
                0x0000000000001e60                KEYPAD_getData
 .text.setUp    0x0000000000002068       0x26 ./HALL/INIT/INIT_Prog.o
                0x0000000000002068                setUp
 .text.Loop     0x000000000000208e      0x59c ./HALL/INIT/INIT_Prog.o
                0x000000000000208e                Loop
 .text.BCD_init
                0x000000000000262a       0x60 ./HALL/BCD/BCD_Prog.o
                0x000000000000262a                BCD_init
 .text.BCD_displayEN
                0x000000000000268a       0x32 ./HALL/BCD/BCD_Prog.o
                0x000000000000268a                BCD_displayEN
 .text.BCD_displayDIS
                0x00000000000026bc       0x32 ./HALL/BCD/BCD_Prog.o
                0x00000000000026bc                BCD_displayDIS
 .text.BCD_displayNum
                0x00000000000026ee       0x88 ./HALL/BCD/BCD_Prog.o
                0x00000000000026ee                BCD_displayNum
 .text.main     0x0000000000002776       0x12 ./APP/MAIN_Prog.o
                0x0000000000002776                main
 .text.libgcc.mul
                0x0000000000002788        0x0 /usr/lib/gcc/avr/7.3.0/avr5/libgcc.a(_exit.o)
 .text.libgcc.div
                0x0000000000002788        0x0 /usr/lib/gcc/avr/7.3.0/avr5/libgcc.a(_exit.o)
 .text.libgcc   0x0000000000002788        0x0 /usr/lib/gcc/avr/7.3.0/avr5/libgcc.a(_exit.o)
 .text.libgcc.prologue
                0x0000000000002788        0x0 /usr/lib/gcc/avr/7.3.0/avr5/libgcc.a(_exit.o)
 .text.libgcc.builtins
                0x0000000000002788        0x0 /usr/lib/gcc/avr/7.3.0/avr5/libgcc.a(_exit.o)
 .text.libgcc.fmul
                0x0000000000002788        0x0 /usr/lib/gcc/avr/7.3.0/avr5/libgcc.a(_exit.o)
 .text.libgcc.fixed
                0x0000000000002788        0x0 /usr/lib/gcc/avr/7.3.0/avr5/libgcc.a(_exit.o)
 .text.libgcc.mul
                0x0000000000002788        0x0 /usr/lib/gcc/avr/7.3.0/avr5/libgcc.a(_copy_data.o)
 .text.libgcc.div
                0x0000000000002788        0x0 /usr/lib/gcc/avr/7.3.0/avr5/libgcc.a(_copy_data.o)
 .text.libgcc   0x0000000000002788        0x0 /usr/lib/gcc/avr/7.3.0/avr5/libgcc.a(_copy_data.o)
 .text.libgcc.prologue
                0x0000000000002788        0x0 /usr/lib/gcc/avr/7.3.0/avr5/libgcc.a(_copy_data.o)
 .text.libgcc.builtins
                0x0000000000002788        0x0 /usr/lib/gcc/avr/7.3.0/avr5/libgcc.a(_copy_data.o)
 .text.libgcc.fmul
                0x0000000000002788        0x0 /usr/lib/gcc/avr/7.3.0/avr5/libgcc.a(_copy_data.o)
 .text.libgcc.fixed
                0x0000000000002788        0x0 /usr/lib/gcc/avr/7.3.0/avr5/libgcc.a(_copy_data.o)
 .text.libgcc.mul
                0x0000000000002788        0x0 /usr/lib/gcc/avr/7.3.0/avr5/libgcc.a(_clear_bss.o)
 .text.libgcc.div
                0x0000000000002788        0x0 /usr/lib/gcc/avr/7.3.0/avr5/libgcc.a(_clear_bss.o)
 .text.libgcc   0x0000000000002788        0x0 /usr/lib/gcc/avr/7.3.0/avr5/libgcc.a(_clear_bss.o)
 .text.libgcc.prologue
                0x0000000000002788        0x0 /usr/lib/gcc/avr/7.3.0/avr5/libgcc.a(_clear_bss.o)
 .text.libgcc.builtins
                0x0000000000002788        0x0 /usr/lib/gcc/avr/7.3.0/avr5/libgcc.a(_clear_bss.o)
 .text.libgcc.fmul
                0x0000000000002788        0x0 /usr/lib/gcc/avr/7.3.0/avr5/libgcc.a(_clear_bss.o)
 .text.libgcc.fixed
                0x0000000000002788        0x0 /usr/lib/gcc/avr/7.3.0/avr5/libgcc.a(_clear_bss.o)
 .text.avr-libc.fplib
                0x0000000000002788        0xa /usr/lib/gcc/avr/7.3.0/../../../avr/lib/avr5/libm.a(cmpsf2.o)
                0x0000000000002788                __lesf2
                0x0000000000002788                __nesf2
                0x0000000000002788                __eqsf2
                0x0000000000002788                __cmpsf2
                0x0000000000002788                __ltsf2
 .text.avr-libc.fplib
                0x0000000000002792        0x8 /usr/lib/gcc/avr/7.3.0/../../../avr/lib/avr5/libm.a(divsf3.o)
                0x0000000000002792                __divsf3
 .text.avr-libc.fplib
                0x000000000000279a       0xdc /usr/lib/gcc/avr/7.3.0/../../../avr/lib/avr5/libm.a(divsf3x.o)
                0x00000000000027ba                __divsf3x
                0x00000000000027c0                __divsf3_pse
 .text.avr-libc.fplib
                0x0000000000002876       0x5e /usr/lib/gcc/avr/7.3.0/../../../avr/lib/avr5/libm.a(fixunssfsi.o)
                0x0000000000002876                __fixunssfsi
 .text.avr-libc.fplib
                0x00000000000028d4       0x48 /usr/lib/gcc/avr/7.3.0/../../../avr/lib/avr5/libm.a(fp_cmp.o)
                0x00000000000028d4                __fp_cmp
 .text.avr-libc.fplib
                0x000000000000291c        0xc /usr/lib/gcc/avr/7.3.0/../../../avr/lib/avr5/libm.a(fp_inf.o)
                0x000000000000291c                __fp_inf
 .text.avr-libc.fplib
                0x0000000000002928        0x6 /usr/lib/gcc/avr/7.3.0/../../../avr/lib/avr5/libm.a(fp_nan.o)
                0x0000000000002928                __fp_nan
 .text.avr-libc.fplib
                0x000000000000292e        0xe /usr/lib/gcc/avr/7.3.0/../../../avr/lib/avr5/libm.a(fp_pscA.o)
                0x000000000000292e                __fp_pscA
 .text.avr-libc.fplib
                0x000000000000293c        0xe /usr/lib/gcc/avr/7.3.0/../../../avr/lib/avr5/libm.a(fp_pscB.o)
                0x000000000000293c                __fp_pscB
 .text.avr-libc.fplib
                0x000000000000294a       0x22 /usr/lib/gcc/avr/7.3.0/../../../avr/lib/avr5/libm.a(fp_round.o)
                0x000000000000294a                __fp_round
 .text.avr-libc.fplib
                0x000000000000296c       0x44 /usr/lib/gcc/avr/7.3.0/../../../avr/lib/avr5/libm.a(fp_split3.o)
                0x000000000000296c                __fp_split3
                0x000000000000297c                __fp_splitA
 .text.avr-libc.fplib
                0x00000000000029b0        0xe /usr/lib/gcc/avr/7.3.0/../../../avr/lib/avr5/libm.a(fp_zero.o)
                0x00000000000029b0                __fp_zero
                0x00000000000029b2                __fp_szero
 .text.avr-libc.fplib
                0x00000000000029be        0xa /usr/lib/gcc/avr/7.3.0/../../../avr/lib/avr5/libm.a(gesf2.o)
                0x00000000000029be                __gtsf2
                0x00000000000029be                __gesf2
 .text.avr-libc.fplib
                0x00000000000029c8        0x8 /usr/lib/gcc/avr/7.3.0/../../../avr/lib/avr5/libm.a(mulsf3.o)
                0x00000000000029c8                __mulsf3
 .text.avr-libc.fplib
                0x00000000000029d0       0xd2 /usr/lib/gcc/avr/7.3.0/../../../avr/lib/avr5/libm.a(mulsf3x.o)
                0x00000000000029ee                __mulsf3x
                0x00000000000029f4                __mulsf3_pse
 .text.avr-libc
                0x0000000000002aa2        0xe /usr/lib/gcc/avr/7.3.0/../../../avr/lib/avr5/libc.a(memset.o)
                0x0000000000002aa2                memset
 .text.avr-libc
                0x0000000000002ab0       0x46 /usr/lib/gcc/avr/7.3.0/../../../avr/lib/avr5/libc.a(sprintf.o)
                0x0000000000002ab0                sprintf
 .text.avr-libc
                0x0000000000002af6      0x3b4 /usr/lib/gcc/avr/7.3.0/../../../avr/lib/avr5/libc.a(vfprintf_std.o)
                0x0000000000002af6                vfprintf
 .text.avr-libc
                0x0000000000002eaa       0x16 /usr/lib/gcc/avr/7.3.0/../../../avr/lib/avr5/libc.a(strnlen_P.o)
                0x0000000000002eaa                strnlen_P
 .text.avr-libc
                0x0000000000002ec0       0x16 /usr/lib/gcc/avr/7.3.0/../../../avr/lib/avr5/libc.a(strnlen.o)
                0x0000000000002ec0                strnlen
 .text.avr-libc
                0x0000000000002ed6       0x60 /usr/lib/gcc/avr/7.3.0/../../../avr/lib/avr5/libc.a(fputc.o)
                0x0000000000002ed6                fputc
 .text.avr-libc
                0x0000000000002f36       0xbc /usr/lib/gcc/avr/7.3.0/../../../avr/lib/avr5/libc.a(ultoa_invert.o)
                0x0000000000002f36                __ultoa_invert
 .text.libgcc.mul
                0x0000000000002ff2        0x0 /usr/lib/gcc/avr/7.3.0/avr5/libgcc.a(_prologue.o)
 .text.libgcc.div
                0x0000000000002ff2        0x0 /usr/lib/gcc/avr/7.3.0/avr5/libgcc.a(_prologue.o)
 .text.libgcc   0x0000000000002ff2        0x0 /usr/lib/gcc/avr/7.3.0/avr5/libgcc.a(_prologue.o)
 .text.libgcc.prologue
                0x0000000000002ff2       0x38 /usr/lib/gcc/avr/7.3.0/avr5/libgcc.a(_prologue.o)
                0x0000000000002ff2                __prologue_saves__
 .text.libgcc.builtins
                0x000000000000302a        0x0 /usr/lib/gcc/avr/7.3.0/avr5/libgcc.a(_prologue.o)
 .text.libgcc.fmul
                0x000000000000302a        0x0 /usr/lib/gcc/avr/7.3.0/avr5/libgcc.a(_prologue.o)
 .text.libgcc.fixed
                0x000000000000302a        0x0 /usr/lib/gcc/avr/7.3.0/avr5/libgcc.a(_prologue.o)
 .text.libgcc.mul
                0x000000000000302a        0x0 /usr/lib/gcc/avr/7.3.0/avr5/libgcc.a(_epilogue.o)
 .text.libgcc.div
                0x000000000000302a        0x0 /usr/lib/gcc/avr/7.3.0/avr5/libgcc.a(_epilogue.o)
 .text.libgcc   0x000000000000302a        0x0 /usr/lib/gcc/avr/7.3.0/avr5/libgcc.a(_epilogue.o)
 .text.libgcc.prologue
                0x000000000000302a       0x36 /usr/lib/gcc/avr/7.3.0/avr5/libgcc.a(_epilogue.o)
                0x000000000000302a                __epilogue_restores__
 .text.libgcc.builtins
                0x0000000000003060        0x0 /usr/lib/gcc/avr/7.3.0/avr5/libgcc.a(_epilogue.o)
 .text.libgcc.fmul
                0x0000000000003060        0x0 /usr/lib/gcc/avr/7.3.0/avr5/libgcc.a(_epilogue.o)
 .text.libgcc.fixed
                0x0000000000003060        0x0 /usr/lib/gcc/avr/7.3.0/avr5/libgcc.a(_epilogue.o)
                0x0000000000003060                . = ALIGN (0x2)
 *(.fini9)
 .fini9         0x0000000000003060        0x0 /usr/lib/gcc/avr/7.3.0/avr5/libgcc.a(_exit.o)
                0x0000000000003060                exit
                0x0000000000003060                _exit
 *(.fini9)
 *(.fini8)
 *(.fini8)
 *(.fini7)
 *(.fini7)
 *(.fini6)
 *(.fini6)
 *(.fini5)
 *(.fini5)
 *(.fini4)
 *(.fini4)
 *(.fini3)
 *(.fini3)
 *(.fini2)
 *(.fini2)
 *(.fini1)
 *(.fini1)
 *(.fini0)
 .fini0         0x0000000000003060        0x4 /usr/lib/gcc/avr/7.3.0/avr5/libgcc.a(_exit.o)
 *(.fini0)
                0x0000000000003064                _etext = .

.data           0x0000000000800060       0x6c load address 0x0000000000003064
                0x0000000000800060                PROVIDE (__data_start, .)
 *(.data)
 .data          0x0000000000800060        0x0 /usr/lib/gcc/avr/7.3.0/../../../avr/lib/avr5/crtatmega16.o
 .data          0x0000000000800060        0x0 ./MCAL/UART/UART_Prog.o
 .data          0x0000000000800060        0x0 ./MCAL/TIMER0/TIMER0_prog.o
 .data          0x0000000000800060        0x0 ./MCAL/INTERRUPT/INTERRUPT_prog.o
 .data          0x0000000000800060        0x0 ./MCAL/DIO/DIO_Prog.o
 .data          0x0000000000800060        0x0 ./MCAL/ADC/ADC_prog.o
 .data          0x0000000000800060        0x0 ./HALL/LCD/LCD_Config.o
 .data          0x0000000000800060        0x0 ./HALL/LCD/LCD_Prog.o
 .data          0x0000000000800060        0x0 ./HALL/L298_DC_MOTOR/L298_DC_MOTOR_config.o
 .data          0x0000000000800060        0x0 ./HALL/L298_DC_MOTOR/L298_DC_MOTOR_prog.o
 .data          0x0000000000800060        0x0 ./HALL/KEYPAD/KEYPAD_Config.o
 .data          0x0000000000800060        0x0 ./HALL/KEYPAD/KEYPAD_Prog.o
 .data          0x0000000000800060        0x0 ./HALL/INIT/INIT_Prog.o
 .data          0x0000000000800060        0x0 ./HALL/BCD/BCD_Config.o
 .data          0x0000000000800060        0x0 ./HALL/BCD/BCD_Prog.o
 .data          0x0000000000800060        0x0 ./APP/MAIN_Prog.o
 .data          0x0000000000800060        0x0 /usr/lib/gcc/avr/7.3.0/avr5/libgcc.a(_exit.o)
 .data          0x0000000000800060        0x0 /usr/lib/gcc/avr/7.3.0/avr5/libgcc.a(_copy_data.o)
 .data          0x0000000000800060        0x0 /usr/lib/gcc/avr/7.3.0/avr5/libgcc.a(_clear_bss.o)
 .data          0x0000000000800060        0x0 /usr/lib/gcc/avr/7.3.0/../../../avr/lib/avr5/libm.a(cmpsf2.o)
 .data          0x0000000000800060        0x0 /usr/lib/gcc/avr/7.3.0/../../../avr/lib/avr5/libm.a(divsf3.o)
 .data          0x0000000000800060        0x0 /usr/lib/gcc/avr/7.3.0/../../../avr/lib/avr5/libm.a(divsf3x.o)
 .data          0x0000000000800060        0x0 /usr/lib/gcc/avr/7.3.0/../../../avr/lib/avr5/libm.a(fixunssfsi.o)
 .data          0x0000000000800060        0x0 /usr/lib/gcc/avr/7.3.0/../../../avr/lib/avr5/libm.a(fp_cmp.o)
 .data          0x0000000000800060        0x0 /usr/lib/gcc/avr/7.3.0/../../../avr/lib/avr5/libm.a(fp_inf.o)
 .data          0x0000000000800060        0x0 /usr/lib/gcc/avr/7.3.0/../../../avr/lib/avr5/libm.a(fp_nan.o)
 .data          0x0000000000800060        0x0 /usr/lib/gcc/avr/7.3.0/../../../avr/lib/avr5/libm.a(fp_pscA.o)
 .data          0x0000000000800060        0x0 /usr/lib/gcc/avr/7.3.0/../../../avr/lib/avr5/libm.a(fp_pscB.o)
 .data          0x0000000000800060        0x0 /usr/lib/gcc/avr/7.3.0/../../../avr/lib/avr5/libm.a(fp_round.o)
 .data          0x0000000000800060        0x0 /usr/lib/gcc/avr/7.3.0/../../../avr/lib/avr5/libm.a(fp_split3.o)
 .data          0x0000000000800060        0x0 /usr/lib/gcc/avr/7.3.0/../../../avr/lib/avr5/libm.a(fp_zero.o)
 .data          0x0000000000800060        0x0 /usr/lib/gcc/avr/7.3.0/../../../avr/lib/avr5/libm.a(gesf2.o)
 .data          0x0000000000800060        0x0 /usr/lib/gcc/avr/7.3.0/../../../avr/lib/avr5/libm.a(mulsf3.o)
 .data          0x0000000000800060        0x0 /usr/lib/gcc/avr/7.3.0/../../../avr/lib/avr5/libm.a(mulsf3x.o)
 .data          0x0000000000800060        0x0 /usr/lib/gcc/avr/7.3.0/../../../avr/lib/avr5/libc.a(memset.o)
 .data          0x0000000000800060        0x0 /usr/lib/gcc/avr/7.3.0/../../../avr/lib/avr5/libc.a(sprintf.o)
 .data          0x0000000000800060        0x0 /usr/lib/gcc/avr/7.3.0/../../../avr/lib/avr5/libc.a(vfprintf_std.o)
 .data          0x0000000000800060        0x0 /usr/lib/gcc/avr/7.3.0/../../../avr/lib/avr5/libc.a(strnlen_P.o)
 .data          0x0000000000800060        0x0 /usr/lib/gcc/avr/7.3.0/../../../avr/lib/avr5/libc.a(strnlen.o)
 .data          0x0000000000800060        0x0 /usr/lib/gcc/avr/7.3.0/../../../avr/lib/avr5/libc.a(fputc.o)
 .data          0x0000000000800060        0x0 /usr/lib/gcc/avr/7.3.0/../../../avr/lib/avr5/libc.a(ultoa_invert.o)
 .data          0x0000000000800060        0x0 /usr/lib/gcc/avr/7.3.0/avr5/libgcc.a(_prologue.o)
 .data          0x0000000000800060        0x0 /usr/lib/gcc/avr/7.3.0/avr5/libgcc.a(_epilogue.o)
 *(.data*)
 .data.ARR_DDR  0x0000000000800060       0x16 ./MCAL/DIO/DIO_Prog.o
                0x0000000000800060                ARR_DDR
 .data.ARR_PORT
                0x0000000000800076       0x16 ./MCAL/DIO/DIO_Prog.o
                0x0000000000800076                ARR_PORT
 .data.ARR_PIN  0x000000000080008c       0x16 ./MCAL/DIO/DIO_Prog.o
                0x000000000080008c                ARR_PIN
 .data.LCD      0x00000000008000a2        0x6 ./HALL/LCD/LCD_Config.o
                0x00000000008000a2                LCD
 .data.MOTOR1   0x00000000008000a8        0x2 ./HALL/L298_DC_MOTOR/L298_DC_MOTOR_config.o
                0x00000000008000a8                MOTOR1
 .data.MOTOR2   0x00000000008000aa        0x2 ./HALL/L298_DC_MOTOR/L298_DC_MOTOR_config.o
                0x00000000008000aa                MOTOR2
 .data.PATTIRN_KEYPAD
                0x00000000008000ac       0x10 ./HALL/KEYPAD/KEYPAD_Config.o
                0x00000000008000ac                PATTIRN_KEYPAD
 .data.KEYPAD   0x00000000008000bc        0x8 ./HALL/KEYPAD/KEYPAD_Config.o
                0x00000000008000bc                KEYPAD
 .data._7_SEGMENT
                0x00000000008000c4        0x5 ./HALL/BCD/BCD_Config.o
                0x00000000008000c4                _7_SEGMENT
 *(.gnu.linkonce.d*)
 *(.rodata)
 .rodata        0x00000000008000c9        0x3 ./HALL/LCD/LCD_Prog.o
 *(.rodata*)
 *(.gnu.linkonce.r*)
                0x00000000008000cc                . = ALIGN (0x2)
                0x00000000008000cc                _edata = .
                0x00000000008000cc                PROVIDE (__data_end, .)

.bss            0x00000000008000cc        0x0
                0x00000000008000cc                PROVIDE (__bss_start, .)
 *(.bss)
 .bss           0x00000000008000cc        0x0 /usr/lib/gcc/avr/7.3.0/../../../avr/lib/avr5/crtatmega16.o
 .bss           0x00000000008000cc        0x0 ./MCAL/UART/UART_Prog.o
 .bss           0x00000000008000cc        0x0 ./MCAL/TIMER0/TIMER0_prog.o
 .bss           0x00000000008000cc        0x0 ./MCAL/INTERRUPT/INTERRUPT_prog.o
 .bss           0x00000000008000cc        0x0 ./MCAL/DIO/DIO_Prog.o
 .bss           0x00000000008000cc        0x0 ./MCAL/ADC/ADC_prog.o
 .bss           0x00000000008000cc        0x0 ./HALL/LCD/LCD_Config.o
 .bss           0x00000000008000cc        0x0 ./HALL/LCD/LCD_Prog.o
 .bss           0x00000000008000cc        0x0 ./HALL/L298_DC_MOTOR/L298_DC_MOTOR_config.o
 .bss           0x00000000008000cc        0x0 ./HALL/L298_DC_MOTOR/L298_DC_MOTOR_prog.o
 .bss           0x00000000008000cc        0x0 ./HALL/KEYPAD/KEYPAD_Config.o
 .bss           0x00000000008000cc        0x0 ./HALL/KEYPAD/KEYPAD_Prog.o
 .bss           0x00000000008000cc        0x0 ./HALL/INIT/INIT_Prog.o
 .bss           0x00000000008000cc        0x0 ./HALL/BCD/BCD_Config.o
 .bss           0x00000000008000cc        0x0 ./HALL/BCD/BCD_Prog.o
 .bss           0x00000000008000cc        0x0 ./APP/MAIN_Prog.o
 .bss           0x00000000008000cc        0x0 /usr/lib/gcc/avr/7.3.0/avr5/libgcc.a(_exit.o)
 .bss           0x00000000008000cc        0x0 /usr/lib/gcc/avr/7.3.0/avr5/libgcc.a(_copy_data.o)
 .bss           0x00000000008000cc        0x0 /usr/lib/gcc/avr/7.3.0/avr5/libgcc.a(_clear_bss.o)
 .bss           0x00000000008000cc        0x0 /usr/lib/gcc/avr/7.3.0/../../../avr/lib/avr5/libm.a(cmpsf2.o)
 .bss           0x00000000008000cc        0x0 /usr/lib/gcc/avr/7.3.0/../../../avr/lib/avr5/libm.a(divsf3.o)
 .bss           0x00000000008000cc        0x0 /usr/lib/gcc/avr/7.3.0/../../../avr/lib/avr5/libm.a(divsf3x.o)
 .bss           0x00000000008000cc        0x0 /usr/lib/gcc/avr/7.3.0/../../../avr/lib/avr5/libm.a(fixunssfsi.o)
 .bss           0x00000000008000cc        0x0 /usr/lib/gcc/avr/7.3.0/../../../avr/lib/avr5/libm.a(fp_cmp.o)
 .bss           0x00000000008000cc        0x0 /usr/lib/gcc/avr/7.3.0/../../../avr/lib/avr5/libm.a(fp_inf.o)
 .bss           0x00000000008000cc        0x0 /usr/lib/gcc/avr/7.3.0/../../../avr/lib/avr5/libm.a(fp_nan.o)
 .bss           0x00000000008000cc        0x0 /usr/lib/gcc/avr/7.3.0/../../../avr/lib/avr5/libm.a(fp_pscA.o)
 .bss           0x00000000008000cc        0x0 /usr/lib/gcc/avr/7.3.0/../../../avr/lib/avr5/libm.a(fp_pscB.o)
 .bss           0x00000000008000cc        0x0 /usr/lib/gcc/avr/7.3.0/../../../avr/lib/avr5/libm.a(fp_round.o)
 .bss           0x00000000008000cc        0x0 /usr/lib/gcc/avr/7.3.0/../../../avr/lib/avr5/libm.a(fp_split3.o)
 .bss           0x00000000008000cc        0x0 /usr/lib/gcc/avr/7.3.0/../../../avr/lib/avr5/libm.a(fp_zero.o)
 .bss           0x00000000008000cc        0x0 /usr/lib/gcc/avr/7.3.0/../../../avr/lib/avr5/libm.a(gesf2.o)
 .bss           0x00000000008000cc        0x0 /usr/lib/gcc/avr/7.3.0/../../../avr/lib/avr5/libm.a(mulsf3.o)
 .bss           0x00000000008000cc        0x0 /usr/lib/gcc/avr/7.3.0/../../../avr/lib/avr5/libm.a(mulsf3x.o)
 .bss           0x00000000008000cc        0x0 /usr/lib/gcc/avr/7.3.0/../../../avr/lib/avr5/libc.a(memset.o)
 .bss           0x00000000008000cc        0x0 /usr/lib/gcc/avr/7.3.0/../../../avr/lib/avr5/libc.a(sprintf.o)
 .bss           0x00000000008000cc        0x0 /usr/lib/gcc/avr/7.3.0/../../../avr/lib/avr5/libc.a(vfprintf_std.o)
 .bss           0x00000000008000cc        0x0 /usr/lib/gcc/avr/7.3.0/../../../avr/lib/avr5/libc.a(strnlen_P.o)
 .bss           0x00000000008000cc        0x0 /usr/lib/gcc/avr/7.3.0/../../../avr/lib/avr5/libc.a(strnlen.o)
 .bss           0x00000000008000cc        0x0 /usr/lib/gcc/avr/7.3.0/../../../avr/lib/avr5/libc.a(fputc.o)
 .bss           0x00000000008000cc        0x0 /usr/lib/gcc/avr/7.3.0/../../../avr/lib/avr5/libc.a(ultoa_invert.o)
 .bss           0x00000000008000cc        0x0 /usr/lib/gcc/avr/7.3.0/avr5/libgcc.a(_prologue.o)
 .bss           0x00000000008000cc        0x0 /usr/lib/gcc/avr/7.3.0/avr5/libgcc.a(_epilogue.o)
 *(.bss*)
 *(COMMON)
 COMMON         0x00000000008000cc        0x0 ./HALL/INIT/INIT_Prog.o
                0x00000000008000cc                PROVIDE (__bss_end, .)
                0x0000000000003064                __data_load_start = LOADADDR (.data)
                0x00000000000030d0                __data_load_end = (__data_load_start + SIZEOF (.data))

.noinit         0x00000000008000cc        0x0
                [!provide]                        PROVIDE (__noinit_start, .)
 *(.noinit*)
                [!provide]                        PROVIDE (__noinit_end, .)
                0x00000000008000cc                _end = .
                [!provide]                        PROVIDE (__heap_start, .)

.eeprom         0x0000000000810000        0x0
 *(.eeprom*)
                0x0000000000810000                __eeprom_end = .

.fuse
 *(.fuse)
 *(.lfuse)
 *(.hfuse)
 *(.efuse)

.lock
 *(.lock*)

.signature
 *(.signature*)

.user_signatures
 *(.user_signatures*)

.stab           0x0000000000000000     0x87f0
 *(.stab)
 .stab          0x0000000000000000      0xb28 ./MCAL/UART/UART_Prog.o
 .stab          0x0000000000000b28      0x8e8 ./MCAL/TIMER0/TIMER0_prog.o
                                        0xb4c (size before relaxing)
 .stab          0x0000000000001410      0xa50 ./MCAL/INTERRUPT/INTERRUPT_prog.o
                                        0xcb4 (size before relaxing)
 .stab          0x0000000000001e60      0xae0 ./MCAL/DIO/DIO_Prog.o
                                        0xd44 (size before relaxing)
 .stab          0x0000000000002940      0x930 ./MCAL/ADC/ADC_prog.o
                                        0xb94 (size before relaxing)
 .stab          0x0000000000003270      0x78c ./HALL/LCD/LCD_Config.o
                                        0x9f0 (size before relaxing)
 .stab          0x00000000000039fc      0xfc0 ./HALL/LCD/LCD_Prog.o
                                       0x15cc (size before relaxing)
 .stab          0x00000000000049bc      0x720 ./HALL/L298_DC_MOTOR/L298_DC_MOTOR_config.o
                                        0x984 (size before relaxing)
 .stab          0x00000000000050dc      0x6b4 ./HALL/L298_DC_MOTOR/L298_DC_MOTOR_prog.o
                                        0xc54 (size before relaxing)
 .stab          0x0000000000005790      0x720 ./HALL/KEYPAD/KEYPAD_Config.o
                                        0x984 (size before relaxing)
 .stab          0x0000000000005eb0      0x6e4 ./HALL/KEYPAD/KEYPAD_Prog.o
                                        0xc84 (size before relaxing)
 .stab          0x0000000000006594      0xce4 ./HALL/INIT/INIT_Prog.o
                                        0xf48 (size before relaxing)
 .stab          0x0000000000007278      0x714 ./HALL/BCD/BCD_Config.o
                                        0x978 (size before relaxing)
 .stab          0x000000000000798c      0x570 ./HALL/BCD/BCD_Prog.o
                                        0xb10 (size before relaxing)
 .stab          0x0000000000007efc      0x8f4 ./APP/MAIN_Prog.o
                                        0xb58 (size before relaxing)

.stabstr        0x0000000000000000     0x7a78
 *(.stabstr)
 .stabstr       0x0000000000000000     0x7a78 ./MCAL/UART/UART_Prog.o

.stab.excl
 *(.stab.excl)

.stab.exclstr
 *(.stab.exclstr)

.stab.index
 *(.stab.index)

.stab.indexstr
 *(.stab.indexstr)

.comment        0x0000000000000000       0x11
 *(.comment)
 .comment       0x0000000000000000       0x11 ./MCAL/UART/UART_Prog.o
                                         0x12 (size before relaxing)
 .comment       0x0000000000000011       0x12 ./MCAL/TIMER0/TIMER0_prog.o
 .comment       0x0000000000000011       0x12 ./MCAL/INTERRUPT/INTERRUPT_prog.o
 .comment       0x0000000000000011       0x12 ./MCAL/DIO/DIO_Prog.o
 .comment       0x0000000000000011       0x12 ./MCAL/ADC/ADC_prog.o
 .comment       0x0000000000000011       0x12 ./HALL/LCD/LCD_Config.o
 .comment       0x0000000000000011       0x12 ./HALL/LCD/LCD_Prog.o
 .comment       0x0000000000000011       0x12 ./HALL/L298_DC_MOTOR/L298_DC_MOTOR_config.o
 .comment       0x0000000000000011       0x12 ./HALL/L298_DC_MOTOR/L298_DC_MOTOR_prog.o
 .comment       0x0000000000000011       0x12 ./HALL/KEYPAD/KEYPAD_Config.o
 .comment       0x0000000000000011       0x12 ./HALL/KEYPAD/KEYPAD_Prog.o
 .comment       0x0000000000000011       0x12 ./HALL/INIT/INIT_Prog.o
 .comment       0x0000000000000011       0x12 ./HALL/BCD/BCD_Config.o
 .comment       0x0000000000000011       0x12 ./HALL/BCD/BCD_Prog.o
 .comment       0x0000000000000011       0x12 ./APP/MAIN_Prog.o
 .comment       0x0000000000000011       0x12 /usr/lib/gcc/avr/7.3.0/../../../avr/lib/avr5/libc.a(sprintf.o)
 .comment       0x0000000000000011       0x12 /usr/lib/gcc/avr/7.3.0/../../../avr/lib/avr5/libc.a(vfprintf_std.o)
 .comment       0x0000000000000011       0x12 /usr/lib/gcc/avr/7.3.0/../../../avr/lib/avr5/libc.a(fputc.o)

.note.gnu.avr.deviceinfo
                0x0000000000000000       0x3c
 .note.gnu.avr.deviceinfo
                0x0000000000000000       0x3c /usr/lib/gcc/avr/7.3.0/../../../avr/lib/avr5/crtatmega16.o

.note.gnu.build-id
 *(.note.gnu.build-id)

.debug
 *(.debug)

.line
 *(.line)

.debug_srcinfo
 *(.debug_srcinfo)

.debug_sfnames
 *(.debug_sfnames)

.debug_aranges
 *(.debug_aranges)

.debug_pubnames
 *(.debug_pubnames)

.debug_info     0x0000000000000000      0x52e
 *(.debug_info .gnu.linkonce.wi.*)
 .debug_info    0x0000000000000000      0x52e /usr/lib/gcc/avr/7.3.0/../../../avr/lib/avr5/crtatmega16.o

.debug_abbrev   0x0000000000000000      0x4e7
 *(.debug_abbrev)
 .debug_abbrev  0x0000000000000000      0x4e7 /usr/lib/gcc/avr/7.3.0/../../../avr/lib/avr5/crtatmega16.o

.debug_line     0x0000000000000000       0x1a
 *(.debug_line .debug_line.* .debug_line_end)
 .debug_line    0x0000000000000000       0x1a /usr/lib/gcc/avr/7.3.0/../../../avr/lib/avr5/crtatmega16.o

.debug_frame
 *(.debug_frame)

.debug_str      0x0000000000000000      0x1af
 *(.debug_str)
 .debug_str     0x0000000000000000      0x1af /usr/lib/gcc/avr/7.3.0/../../../avr/lib/avr5/crtatmega16.o

.debug_loc
 *(.debug_loc)

.debug_macinfo
 *(.debug_macinfo)

.debug_weaknames
 *(.debug_weaknames)

.debug_funcnames
 *(.debug_funcnames)

.debug_typenames
 *(.debug_typenames)

.debug_varnames
 *(.debug_varnames)

.debug_pubtypes
 *(.debug_pubtypes)

.debug_ranges
 *(.debug_ranges)

.debug_macro
 *(.debug_macro)
OUTPUT(ATMEGA32.elf elf32-avr)
LOAD linker stubs
